{
  "rule": {
    "theta": 0.3,
    "min_len": 3,
    "nms": "any",
    "type_lambda": 0.5,
    "role_alpha": 0.0
  },
  "selection": "max MEAN dev Arg-C IoU over verifier runs",
  "runs": [
    "verifier_v42_p42",
    "verifier_v13_p13",
    "verifier_v101_p101"
  ],
  "prop_seeds": [
    42,
    13,
    101
  ],
  "dev_arg_c_iou_mean": 48.06490399958856,
  "dev_arg_c_iou_std": 0.5882022912694661,
  "dev_per_run": [
    48.74141876430206,
    47.77887462981244,
    47.674418604651166
  ],
  "frozen_at": "2026-09-24 14:48:15",
  "fixed": {
    "role_alpha": 0.0
  }
}
