{
  "rule": {
    "theta": 0.3,
    "min_len": 3,
    "nms": "any",
    "type_lambda": 0,
    "role_alpha": 0.5
  },
  "selection": "max MEAN dev Arg-C IoU over verifier runs",
  "runs": [
    "verifier_v42_p42",
    "verifier_v13_p13",
    "verifier_v101_p101"
  ],
  "prop_seeds": [
    42,
    13,
    101
  ],
  "dev_arg_c_iou_mean": 48.351565003437734,
  "dev_arg_c_iou_std": 0.3380561890264268,
  "dev_per_run": [
    48.74141876430206,
    48.17374136229022,
    48.13953488372093
  ],
  "frozen_at": "2026-09-24 14:48:37",
  "fixed": {
    "type_lambda": 0
  }
}
