Loading weights:   0%|          | 0/390 [00:00<?, ?it/s]Loading weights: 100%|██████████| 390/390 [00:00<00:00, 4521.55it/s]
[1mDebertaV2Model LOAD REPORT[0m from: microsoft/deberta-v3-large
Key                                     | Status     |  | 
----------------------------------------+------------+--+-
mask_predictions.dense.bias             | UNEXPECTED |  | 
mask_predictions.classifier.weight      | UNEXPECTED |  | 
mask_predictions.LayerNorm.weight       | UNEXPECTED |  | 
lm_predictions.lm_head.LayerNorm.bias   | UNEXPECTED |  | 
lm_predictions.lm_head.bias             | UNEXPECTED |  | 
mask_predictions.classifier.bias        | UNEXPECTED |  | 
lm_predictions.lm_head.dense.bias       | UNEXPECTED |  | 
lm_predictions.lm_head.dense.weight     | UNEXPECTED |  | 
mask_predictions.LayerNorm.bias         | UNEXPECTED |  | 
lm_predictions.lm_head.LayerNorm.weight | UNEXPECTED |  | 
mask_predictions.dense.weight           | UNEXPECTED |  | 

Notes:
- UNEXPECTED:	can be ignored when loading from different task/architecture; not ok if you expect identical arch.
ep01 loss 3.565 | type 50.6 | ArgC-IoU 1.89 (P16.1/R1.0) | ArgI-IoU 3.03 | raw 1.11 | t0.3 | RgL 1.91 | 17s
ep02 loss 2.424 | type 84.2 | ArgC-IoU 15.27 (P20.2/R12.3) | ArgI-IoU 22.28 | raw 10.41 | t0.3 | RgL 12.89 | 35s
ep03 loss 1.875 | type 86.7 | ArgC-IoU 28.36 (P29.9/R27.0) | ArgI-IoU 38.10 | raw 21.24 | t0.3 | RgL 51.40 | 51s
ep04 loss 1.468 | type 88.6 | ArgC-IoU 42.22 (P48.4/R37.4) | ArgI-IoU 48.58 | raw 29.86 | t0.5 | RgL 71.22 | 69s
ep05 loss 1.168 | type 87.3 | ArgC-IoU 42.50 (P52.7/R35.6) | ArgI-IoU 49.22 | raw 29.92 | t0.6 | RgL 74.77 | 87s
ep06 loss 0.933 | type 88.0 | ArgC-IoU 44.44 (P53.1/R38.2) | ArgI-IoU 50.06 | raw 31.22 | t0.6 | RgL 74.67 | 105s
ep07 loss 0.713 | type 87.3 | ArgC-IoU 41.30 (P48.8/R35.8) | ArgI-IoU 49.88 | raw 31.68 | t0.6 | RgL 78.60 | 130s
ep08 loss 0.556 | type 87.3 | ArgC-IoU 45.20 (P57.1/R37.4) | ArgI-IoU 51.28 | raw 34.63 | t0.7 | RgL 77.93 | 145s
ep09 loss 0.421 | type 87.3 | ArgC-IoU 43.97 (P49.4/R39.6) | ArgI-IoU 51.56 | raw 33.10 | t0.7 | RgL 72.71 | 161s
ep10 loss 0.338 | type 89.2 | ArgC-IoU 41.89 (P48.9/R36.6) | ArgI-IoU 49.25 | raw 30.55 | t0.7 | RgL 77.08 | 177s
ep11 loss 0.262 | type 86.1 | ArgC-IoU 44.42 (P56.0/R36.8) | ArgI-IoU 49.27 | raw 34.52 | t0.85 | RgL 78.05 | 191s
ep12 loss 0.217 | type 89.9 | ArgC-IoU 45.88 (P51.4/R41.4) | ArgI-IoU 52.12 | raw 34.92 | t0.8 | RgL 78.11 | 207s
ep13 loss 0.170 | type 89.2 | ArgC-IoU 44.85 (P51.3/R39.8) | ArgI-IoU 51.87 | raw 33.51 | t0.8 | RgL 79.05 | 223s
ep14 loss 0.142 | type 88.0 | ArgC-IoU 45.82 (P53.2/R40.2) | ArgI-IoU 52.69 | raw 35.05 | t0.85 | RgL 79.01 | 239s
ep15 loss 0.113 | type 88.6 | ArgC-IoU 46.55 (P53.1/R41.4) | ArgI-IoU 52.43 | raw 34.93 | t0.85 | RgL 78.84 | 254s
ep16 loss 0.093 | type 88.6 | ArgC-IoU 44.91 (P49.9/R40.8) | ArgI-IoU 51.99 | raw 34.93 | t0.85 | RgL 80.19 | 270s
ep17 loss 0.078 | type 88.0 | ArgC-IoU 46.22 (P49.9/R43.1) | ArgI-IoU 53.56 | raw 35.74 | t0.8 | RgL 79.08 | 285s
ep18 loss 0.069 | type 86.7 | ArgC-IoU 45.32 (P53.3/R39.4) | ArgI-IoU 51.33 | raw 33.48 | t0.9 | RgL 79.19 | 300s
ep19 loss 0.053 | type 88.6 | ArgC-IoU 45.13 (P52.4/R39.6) | ArgI-IoU 52.46 | raw 34.33 | t0.9 | RgL 79.45 | 316s
ep20 loss 0.048 | type 87.3 | ArgC-IoU 43.80 (P46.7/R41.2) | ArgI-IoU 51.28 | raw 33.41 | t0.85 | RgL 78.86 | 331s
ep21 loss 0.040 | type 87.3 | ArgC-IoU 43.81 (P48.1/R40.2) | ArgI-IoU 51.48 | raw 33.91 | t0.85 | RgL 80.14 | 346s
ep22 loss 0.033 | type 87.3 | ArgC-IoU 44.65 (P46.6/R42.9) | ArgI-IoU 52.62 | raw 34.13 | t0.8 | RgL 79.73 | 361s
ep23 loss 0.027 | type 87.3 | ArgC-IoU 44.63 (P46.3/R43.1) | ArgI-IoU 52.97 | raw 34.86 | t0.85 | RgL 79.76 | 377s
ep24 loss 0.024 | type 88.0 | ArgC-IoU 44.87 (P47.8/R42.3) | ArgI-IoU 53.21 | raw 34.32 | t0.85 | RgL 79.86 | 392s
ep25 loss 0.019 | type 87.3 | ArgC-IoU 44.32 (P48.4/R40.8) | ArgI-IoU 51.53 | raw 33.73 | t0.9 | RgL 79.32 | 407s
ep26 loss 0.015 | type 86.7 | ArgC-IoU 44.75 (P51.0/R39.8) | ArgI-IoU 51.75 | raw 34.96 | t0.93 | RgL 79.24 | 422s
ep27 loss 0.015 | type 86.7 | ArgC-IoU 43.98 (P48.2/R40.4) | ArgI-IoU 51.64 | raw 33.85 | t0.9 | RgL 79.41 | 436s
ep28 loss 0.013 | type 87.3 | ArgC-IoU 43.86 (P48.2/R40.2) | ArgI-IoU 51.10 | raw 33.18 | t0.9 | RgL 79.71 | 451s
ep29 loss 0.011 | type 86.7 | ArgC-IoU 43.81 (P46.2/R41.6) | ArgI-IoU 51.22 | raw 33.79 | t0.85 | RgL 79.64 | 466s
ep30 loss 0.011 | type 86.7 | ArgC-IoU 44.23 (P48.2/R40.8) | ArgI-IoU 50.98 | raw 34.07 | t0.9 | RgL 79.39 | 482s

BEST: {
  "epoch": 15,
  "loss": 0.11311063211178407,
  "type_acc": 88.60759493670885,
  "arg_c_iou_f1": 46.55367231638418,
  "argmax_arg_c_iou_f1": 34.93253373313344,
  "sel_tau": 0.85,
  "arg_i_iou_f1": 52.429378531073446,
  "arg_c_iou_p": 53.09278350515464,
  "arg_c_iou_r": 41.4486921529175,
  "arg_c_em_f1": 29.830508474576266,
  "arg_i_em_f1": 32.994350282485875,
  "trigger_rougeL_f1": 78.84438359776384,
  "secs": 254
}
[oof] fold 0 seed 101: Loading weights:   0%|          | 0/390 [00:00<?, ?it/s]Loading weights: 100%|██████████| 390/390 [00:00<00:00, 6424.54it/s]
[1mDebertaV2Model LOAD REPORT[0m from: microsoft/deberta-v3-large
Key                                     | Status     |  | 
----------------------------------------+------------+--+-
mask_predictions.dense.bias             | UNEXPECTED |  | 
mask_predictions.classifier.weight      | UNEXPECTED |  | 
mask_predictions.LayerNorm.weight       | UNEXPECTED |  | 
lm_predictions.lm_head.LayerNorm.bias   | UNEXPECTED |  | 
lm_predictions.lm_head.bias             | UNEXPECTED |  | 
mask_predictions.classifier.bias        | UNEXPECTED |  | 
lm_predictions.lm_head.dense.bias       | UNEXPECTED |  | 
lm_predictions.lm_head.dense.weight     | UNEXPECTED |  | 
mask_predictions.LayerNorm.bias         | UNEXPECTED |  | 
lm_predictions.lm_head.LayerNorm.weight | UNEXPECTED |  | 
mask_predictions.dense.weight           | UNEXPECTED |  | 

Notes:
- UNEXPECTED:	can be ignored when loading from different task/architecture; not ok if you expect identical arch.
257 windows, 1430 candidates -> /home/haipd/CLAVE/experiment/data/cands/oof_k0_s101.jsonl
[oof] deleted /home/haipd/CLAVE/experiment/runs/oof_k0_s101/best.pt
