Loading weights:   0%|          | 0/390 [00:00<?, ?it/s]Loading weights:  94%|█████████▍| 367/390 [00:00<00:00, 3655.27it/s]Loading weights: 100%|██████████| 390/390 [00:00<00:00, 3781.25it/s]
[1mDebertaV2Model LOAD REPORT[0m from: microsoft/deberta-v3-large
Key                                     | Status     |  | 
----------------------------------------+------------+--+-
lm_predictions.lm_head.bias             | UNEXPECTED |  | 
lm_predictions.lm_head.dense.bias       | UNEXPECTED |  | 
lm_predictions.lm_head.dense.weight     | UNEXPECTED |  | 
mask_predictions.dense.bias             | UNEXPECTED |  | 
lm_predictions.lm_head.LayerNorm.weight | UNEXPECTED |  | 
mask_predictions.classifier.weight      | UNEXPECTED |  | 
mask_predictions.LayerNorm.weight       | UNEXPECTED |  | 
mask_predictions.classifier.bias        | UNEXPECTED |  | 
mask_predictions.dense.weight           | UNEXPECTED |  | 
mask_predictions.LayerNorm.bias         | UNEXPECTED |  | 
lm_predictions.lm_head.LayerNorm.bias   | UNEXPECTED |  | 

Notes:
- UNEXPECTED:	can be ignored when loading from different task/architecture; not ok if you expect identical arch.
ep01 loss 3.533 | type 53.8 | ArgC-IoU 0.00 (P0.0/R0.0) | ArgI-IoU 0.00 | raw 1.38 | t0.3 | RgL 0.00 | 17s
ep02 loss 2.381 | type 85.4 | ArgC-IoU 17.35 (P25.0/R13.3) | ArgI-IoU 25.76 | raw 11.01 | t0.3 | RgL 15.85 | 35s
ep03 loss 1.839 | type 88.0 | ArgC-IoU 28.38 (P42.4/R21.3) | ArgI-IoU 36.41 | raw 19.75 | t0.5 | RgL 57.35 | 53s
ep04 loss 1.453 | type 87.3 | ArgC-IoU 41.51 (P48.3/R36.4) | ArgI-IoU 50.00 | raw 29.84 | t0.5 | RgL 69.25 | 71s
ep05 loss 1.126 | type 88.0 | ArgC-IoU 40.34 (P51.9/R33.0) | ArgI-IoU 46.99 | raw 31.39 | t0.6 | RgL 75.19 | 96s
ep06 loss 0.887 | type 87.3 | ArgC-IoU 44.00 (P53.8/R37.2) | ArgI-IoU 50.18 | raw 32.57 | t0.6 | RgL 75.54 | 111s
ep07 loss 0.677 | type 89.2 | ArgC-IoU 43.52 (P51.2/R37.8) | ArgI-IoU 52.31 | raw 33.71 | t0.6 | RgL 79.42 | 128s
ep08 loss 0.506 | type 89.2 | ArgC-IoU 46.14 (P54.1/R40.2) | ArgI-IoU 52.83 | raw 34.42 | t0.7 | RgL 76.89 | 143s
ep09 loss 0.393 | type 88.6 | ArgC-IoU 45.18 (P50.2/R41.0) | ArgI-IoU 51.83 | raw 34.11 | t0.7 | RgL 78.01 | 159s
ep10 loss 0.298 | type 88.6 | ArgC-IoU 46.83 (P48.5/R45.3) | ArgI-IoU 55.57 | raw 38.24 | t0.6 | RgL 78.96 | 174s
ep11 loss 0.240 | type 87.3 | ArgC-IoU 46.05 (P45.8/R46.3) | ArgI-IoU 54.25 | raw 36.98 | t0.6 | RgL 78.81 | 191s
ep12 loss 0.196 | type 88.0 | ArgC-IoU 44.67 (P51.2/R39.6) | ArgI-IoU 50.79 | raw 34.21 | t0.8 | RgL 78.72 | 207s
ep13 loss 0.153 | type 88.6 | ArgC-IoU 46.53 (P52.4/R41.9) | ArgI-IoU 53.91 | raw 36.64 | t0.8 | RgL 79.18 | 224s
ep14 loss 0.131 | type 86.7 | ArgC-IoU 45.52 (P45.6/R45.5) | ArgI-IoU 54.18 | raw 38.07 | t0.7 | RgL 77.97 | 240s
ep15 loss 0.102 | type 88.0 | ArgC-IoU 46.28 (P49.0/R43.9) | ArgI-IoU 53.50 | raw 36.97 | t0.8 | RgL 79.13 | 256s
ep16 loss 0.084 | type 88.0 | ArgC-IoU 46.69 (P50.7/R43.3) | ArgI-IoU 54.07 | raw 37.39 | t0.85 | RgL 79.42 | 271s
ep17 loss 0.070 | type 88.0 | ArgC-IoU 48.28 (P50.2/R46.5) | ArgI-IoU 57.05 | raw 39.23 | t0.8 | RgL 79.63 | 286s
ep18 loss 0.059 | type 88.0 | ArgC-IoU 45.89 (P49.6/R42.7) | ArgI-IoU 52.60 | raw 37.25 | t0.85 | RgL 80.06 | 303s
ep19 loss 0.048 | type 88.6 | ArgC-IoU 46.44 (P48.4/R44.7) | ArgI-IoU 54.60 | raw 37.63 | t0.8 | RgL 79.78 | 319s
ep20 loss 0.042 | type 88.0 | ArgC-IoU 46.20 (P47.2/R45.3) | ArgI-IoU 54.41 | raw 36.83 | t0.85 | RgL 79.83 | 334s
ep21 loss 0.034 | type 87.3 | ArgC-IoU 46.03 (P47.9/R44.3) | ArgI-IoU 53.35 | raw 37.39 | t0.85 | RgL 80.86 | 349s
ep22 loss 0.028 | type 88.0 | ArgC-IoU 47.02 (P48.9/R45.3) | ArgI-IoU 54.96 | raw 38.06 | t0.85 | RgL 79.83 | 366s
ep23 loss 0.023 | type 88.0 | ArgC-IoU 45.72 (P49.5/R42.5) | ArgI-IoU 53.30 | raw 37.35 | t0.9 | RgL 80.41 | 382s
ep24 loss 0.018 | type 88.0 | ArgC-IoU 45.95 (P46.9/R45.1) | ArgI-IoU 54.15 | raw 37.58 | t0.85 | RgL 80.10 | 397s
ep25 loss 0.016 | type 88.6 | ArgC-IoU 47.36 (P53.6/R42.5) | ArgI-IoU 54.10 | raw 39.11 | t0.93 | RgL 80.33 | 412s
ep26 loss 0.014 | type 88.0 | ArgC-IoU 48.10 (P52.1/R44.7) | ArgI-IoU 55.47 | raw 38.16 | t0.9 | RgL 79.80 | 428s
ep27 loss 0.012 | type 88.0 | ArgC-IoU 49.41 (P53.0/R46.3) | ArgI-IoU 57.14 | raw 40.00 | t0.9 | RgL 79.87 | 443s
ep28 loss 0.011 | type 88.6 | ArgC-IoU 46.94 (P47.6/R46.3) | ArgI-IoU 55.10 | raw 38.94 | t0.85 | RgL 80.03 | 460s
ep29 loss 0.010 | type 88.6 | ArgC-IoU 47.87 (P50.8/R45.3) | ArgI-IoU 55.96 | raw 38.60 | t0.9 | RgL 79.78 | 475s
ep30 loss 0.009 | type 88.6 | ArgC-IoU 47.88 (P50.6/R45.5) | ArgI-IoU 55.72 | raw 39.75 | t0.9 | RgL 79.65 | 490s

BEST: {
  "epoch": 27,
  "loss": 0.01223683723128488,
  "type_acc": 87.9746835443038,
  "arg_c_iou_f1": 49.4092373791622,
  "argmax_arg_c_iou_f1": 40.0,
  "sel_tau": 0.9,
  "arg_i_iou_f1": 57.14285714285713,
  "arg_c_iou_p": 52.995391705069125,
  "arg_c_iou_r": 46.27766599597585,
  "arg_c_em_f1": 31.149301825993554,
  "arg_i_em_f1": 35.23093447905478,
  "trigger_rougeL_f1": 79.87185086113814,
  "secs": 443
}
[oof] fold 3 seed 13: Loading weights:   0%|          | 0/390 [00:00<?, ?it/s]Loading weights: 100%|██████████| 390/390 [00:00<00:00, 5663.66it/s]
[1mDebertaV2Model LOAD REPORT[0m from: microsoft/deberta-v3-large
Key                                     | Status     |  | 
----------------------------------------+------------+--+-
lm_predictions.lm_head.bias             | UNEXPECTED |  | 
lm_predictions.lm_head.dense.bias       | UNEXPECTED |  | 
lm_predictions.lm_head.dense.weight     | UNEXPECTED |  | 
mask_predictions.dense.bias             | UNEXPECTED |  | 
lm_predictions.lm_head.LayerNorm.weight | UNEXPECTED |  | 
mask_predictions.classifier.weight      | UNEXPECTED |  | 
mask_predictions.LayerNorm.weight       | UNEXPECTED |  | 
mask_predictions.classifier.bias        | UNEXPECTED |  | 
mask_predictions.dense.weight           | UNEXPECTED |  | 
mask_predictions.LayerNorm.bias         | UNEXPECTED |  | 
lm_predictions.lm_head.LayerNorm.bias   | UNEXPECTED |  | 

Notes:
- UNEXPECTED:	can be ignored when loading from different task/architecture; not ok if you expect identical arch.
255 windows, 1337 candidates -> /home/haipd/CLAVE/experiment/data/cands/oof_k3_s13.jsonl
[oof] deleted /home/haipd/CLAVE/experiment/runs/oof_k3_s13/best.pt
