Loading weights:   0%|          | 0/390 [00:00<?, ?it/s]Loading weights: 100%|██████████| 390/390 [00:00<00:00, 4030.72it/s]
[1mDebertaV2Model LOAD REPORT[0m from: microsoft/deberta-v3-large
Key                                     | Status     |  | 
----------------------------------------+------------+--+-
mask_predictions.LayerNorm.bias         | UNEXPECTED |  | 
lm_predictions.lm_head.LayerNorm.weight | UNEXPECTED |  | 
mask_predictions.dense.weight           | UNEXPECTED |  | 
mask_predictions.classifier.weight      | UNEXPECTED |  | 
mask_predictions.LayerNorm.weight       | UNEXPECTED |  | 
lm_predictions.lm_head.LayerNorm.bias   | UNEXPECTED |  | 
mask_predictions.classifier.bias        | UNEXPECTED |  | 
lm_predictions.lm_head.dense.weight     | UNEXPECTED |  | 
mask_predictions.dense.bias             | UNEXPECTED |  | 
lm_predictions.lm_head.bias             | UNEXPECTED |  | 
lm_predictions.lm_head.dense.bias       | UNEXPECTED |  | 

Notes:
- UNEXPECTED:	can be ignored when loading from different task/architecture; not ok if you expect identical arch.
ep01 loss 3.431 | type 68.4 | ArgC-IoU 11.92 (P33.6/R7.2) | ArgI-IoU 15.89 | raw 6.89 | t0.3 | RgL 3.85 | 19s
ep02 loss 2.190 | type 88.0 | ArgC-IoU 21.90 (P27.7/R18.1) | ArgI-IoU 29.68 | raw 13.60 | t0.3 | RgL 43.92 | 37s
ep03 loss 1.709 | type 89.9 | ArgC-IoU 33.58 (P44.0/R27.2) | ArgI-IoU 41.04 | raw 24.04 | t0.5 | RgL 63.53 | 56s
ep04 loss 1.330 | type 88.0 | ArgC-IoU 40.14 (P49.0/R34.0) | ArgI-IoU 49.41 | raw 30.83 | t0.5 | RgL 76.02 | 83s
ep05 loss 1.047 | type 88.6 | ArgC-IoU 41.24 (P47.9/R36.2) | ArgI-IoU 49.94 | raw 31.42 | t0.6 | RgL 78.30 | 102s
ep06 loss 0.826 | type 84.2 | ArgC-IoU 42.89 (P49.9/R37.6) | ArgI-IoU 49.54 | raw 32.46 | t0.6 | RgL 79.21 | 119s
ep07 loss 0.649 | type 88.0 | ArgC-IoU 45.15 (P51.4/R40.2) | ArgI-IoU 53.27 | raw 35.22 | t0.6 | RgL 79.47 | 138s
ep08 loss 0.496 | type 88.0 | ArgC-IoU 43.83 (P54.1/R36.8) | ArgI-IoU 50.54 | raw 34.27 | t0.7 | RgL 78.43 | 156s
ep09 loss 0.379 | type 89.2 | ArgC-IoU 46.22 (P50.7/R42.5) | ArgI-IoU 53.23 | raw 35.51 | t0.7 | RgL 79.18 | 174s
ep10 loss 0.297 | type 88.6 | ArgC-IoU 45.49 (P54.5/R39.0) | ArgI-IoU 52.75 | raw 35.64 | t0.8 | RgL 79.32 | 192s
ep11 loss 0.239 | type 89.2 | ArgC-IoU 43.14 (P47.0/R39.8) | ArgI-IoU 51.20 | raw 33.65 | t0.7 | RgL 81.71 | 210s
ep12 loss 0.191 | type 88.6 | ArgC-IoU 44.57 (P49.6/R40.4) | ArgI-IoU 52.33 | raw 33.94 | t0.8 | RgL 79.44 | 227s
ep13 loss 0.157 | type 88.6 | ArgC-IoU 44.44 (P48.5/R41.0) | ArgI-IoU 53.16 | raw 33.20 | t0.8 | RgL 80.28 | 244s
ep14 loss 0.130 | type 89.2 | ArgC-IoU 45.06 (P56.2/R37.6) | ArgI-IoU 50.84 | raw 34.04 | t0.9 | RgL 79.41 | 261s
ep15 loss 0.110 | type 88.6 | ArgC-IoU 44.54 (P48.1/R41.4) | ArgI-IoU 52.54 | raw 34.56 | t0.8 | RgL 80.43 | 278s
ep16 loss 0.094 | type 87.3 | ArgC-IoU 45.34 (P46.7/R44.1) | ArgI-IoU 54.45 | raw 35.78 | t0.8 | RgL 80.46 | 295s
ep17 loss 0.073 | type 86.7 | ArgC-IoU 44.35 (P47.2/R41.9) | ArgI-IoU 52.45 | raw 34.99 | t0.85 | RgL 78.25 | 312s
ep18 loss 0.061 | type 88.6 | ArgC-IoU 44.99 (P45.7/R44.3) | ArgI-IoU 53.99 | raw 35.40 | t0.8 | RgL 79.14 | 329s
ep19 loss 0.050 | type 88.6 | ArgC-IoU 44.78 (P52.1/R39.2) | ArgI-IoU 50.98 | raw 34.59 | t0.93 | RgL 79.83 | 346s
ep20 loss 0.042 | type 89.2 | ArgC-IoU 45.91 (P53.8/R40.0) | ArgI-IoU 51.67 | raw 35.91 | t0.93 | RgL 79.32 | 363s
ep21 loss 0.037 | type 89.2 | ArgC-IoU 44.81 (P49.6/R40.8) | ArgI-IoU 51.66 | raw 33.56 | t0.9 | RgL 79.51 | 380s
ep22 loss 0.029 | type 88.6 | ArgC-IoU 45.22 (P49.2/R41.9) | ArgI-IoU 53.26 | raw 36.34 | t0.9 | RgL 80.77 | 398s
ep23 loss 0.023 | type 88.6 | ArgC-IoU 45.11 (P46.2/R44.1) | ArgI-IoU 53.14 | raw 36.64 | t0.85 | RgL 80.21 | 415s
ep24 loss 0.019 | type 88.6 | ArgC-IoU 45.08 (P47.5/R42.9) | ArgI-IoU 52.49 | raw 35.49 | t0.9 | RgL 80.02 | 432s
ep25 loss 0.016 | type 88.0 | ArgC-IoU 46.31 (P45.4/R47.3) | ArgI-IoU 54.78 | raw 35.71 | t0.85 | RgL 79.84 | 449s
ep26 loss 0.014 | type 88.6 | ArgC-IoU 45.13 (P47.7/R42.9) | ArgI-IoU 52.97 | raw 35.15 | t0.9 | RgL 79.33 | 468s
ep27 loss 0.013 | type 89.2 | ArgC-IoU 44.85 (P47.5/R42.5) | ArgI-IoU 53.13 | raw 34.62 | t0.9 | RgL 79.66 | 485s
ep28 loss 0.011 | type 88.6 | ArgC-IoU 45.46 (P44.1/R46.9) | ArgI-IoU 54.63 | raw 36.39 | t0.8 | RgL 78.95 | 503s
ep29 loss 0.010 | type 89.2 | ArgC-IoU 45.50 (P48.0/R43.3) | ArgI-IoU 53.54 | raw 35.75 | t0.9 | RgL 79.20 | 520s
ep30 loss 0.009 | type 89.2 | ArgC-IoU 44.82 (P47.2/R42.7) | ArgI-IoU 53.28 | raw 35.29 | t0.9 | RgL 79.09 | 537s

BEST: {
  "epoch": 25,
  "loss": 0.016426915621559603,
  "type_acc": 87.9746835443038,
  "arg_c_iou_f1": 46.30541871921182,
  "argmax_arg_c_iou_f1": 35.70914326853852,
  "sel_tau": 0.85,
  "arg_i_iou_f1": 54.77832512315272,
  "arg_c_iou_p": 45.366795366795365,
  "arg_c_iou_r": 47.283702213279675,
  "arg_c_em_f1": 29.950738916256153,
  "arg_i_em_f1": 34.285714285714285,
  "trigger_rougeL_f1": 79.83862022232556,
  "secs": 449
}
