Loading weights:   0%|          | 0/390 [00:00<?, ?it/s]Loading weights: 100%|██████████| 390/390 [00:00<00:00, 4057.11it/s]
[1mDebertaV2Model LOAD REPORT[0m from: microsoft/deberta-v3-large
Key                                     | Status     |  | 
----------------------------------------+------------+--+-
lm_predictions.lm_head.dense.weight     | UNEXPECTED |  | 
lm_predictions.lm_head.LayerNorm.weight | UNEXPECTED |  | 
mask_predictions.dense.bias             | UNEXPECTED |  | 
mask_predictions.classifier.weight      | UNEXPECTED |  | 
mask_predictions.dense.weight           | UNEXPECTED |  | 
lm_predictions.lm_head.LayerNorm.bias   | UNEXPECTED |  | 
lm_predictions.lm_head.bias             | UNEXPECTED |  | 
mask_predictions.LayerNorm.weight       | UNEXPECTED |  | 
mask_predictions.classifier.bias        | UNEXPECTED |  | 
mask_predictions.LayerNorm.bias         | UNEXPECTED |  | 
lm_predictions.lm_head.dense.bias       | UNEXPECTED |  | 

Notes:
- UNEXPECTED:	can be ignored when loading from different task/architecture; not ok if you expect identical arch.
ep01 loss 3.605 | type 72.2 | ArgC-IoU 9.14 (P17.1/R6.2) | ArgI-IoU 10.62 | raw 5.67 | t0.3 | RgL 4.37 | 17s
ep02 loss 2.003 | type 87.3 | ArgC-IoU 22.84 (P25.4/R20.7) | ArgI-IoU 30.82 | raw 15.90 | t0.3 | RgL 28.01 | 35s
ep03 loss 1.580 | type 84.8 | ArgC-IoU 31.17 (P44.0/R24.1) | ArgI-IoU 38.96 | raw 21.36 | t0.5 | RgL 60.11 | 53s
ep04 loss 1.283 | type 88.6 | ArgC-IoU 36.70 (P42.7/R32.2) | ArgI-IoU 44.95 | raw 28.23 | t0.5 | RgL 70.10 | 73s
ep05 loss 0.999 | type 88.6 | ArgC-IoU 42.58 (P53.8/R35.2) | ArgI-IoU 48.91 | raw 32.45 | t0.6 | RgL 74.47 | 91s
ep06 loss 0.787 | type 86.7 | ArgC-IoU 39.08 (P48.8/R32.6) | ArgI-IoU 46.08 | raw 29.36 | t0.6 | RgL 76.61 | 109s
ep07 loss 0.601 | type 88.6 | ArgC-IoU 43.05 (P53.9/R35.8) | ArgI-IoU 49.33 | raw 33.44 | t0.7 | RgL 75.95 | 126s
ep08 loss 0.462 | type 88.6 | ArgC-IoU 46.00 (P57.8/R38.2) | ArgI-IoU 53.75 | raw 37.07 | t0.8 | RgL 77.54 | 146s
ep09 loss 0.373 | type 88.0 | ArgC-IoU 44.99 (P54.3/R38.4) | ArgI-IoU 51.59 | raw 34.89 | t0.8 | RgL 79.23 | 165s
ep10 loss 0.297 | type 88.6 | ArgC-IoU 42.12 (P49.2/R36.8) | ArgI-IoU 49.71 | raw 32.60 | t0.8 | RgL 77.72 | 183s
ep11 loss 0.245 | type 88.6 | ArgC-IoU 45.02 (P50.8/R40.4) | ArgI-IoU 52.18 | raw 34.78 | t0.8 | RgL 77.49 | 200s
ep12 loss 0.199 | type 87.3 | ArgC-IoU 43.86 (P50.4/R38.8) | ArgI-IoU 49.32 | raw 33.48 | t0.85 | RgL 78.47 | 217s
ep13 loss 0.167 | type 88.0 | ArgC-IoU 44.62 (P50.4/R40.0) | ArgI-IoU 50.90 | raw 34.57 | t0.85 | RgL 76.04 | 235s
ep14 loss 0.136 | type 88.0 | ArgC-IoU 44.13 (P53.8/R37.4) | ArgI-IoU 50.77 | raw 35.16 | t0.9 | RgL 77.86 | 252s
ep15 loss 0.112 | type 88.0 | ArgC-IoU 44.30 (P49.9/R39.8) | ArgI-IoU 51.23 | raw 34.11 | t0.85 | RgL 78.61 | 270s
ep16 loss 0.095 | type 89.2 | ArgC-IoU 44.20 (P56.2/R36.4) | ArgI-IoU 50.06 | raw 35.37 | t0.93 | RgL 78.95 | 289s
ep17 loss 0.074 | type 88.0 | ArgC-IoU 43.98 (P48.2/R40.4) | ArgI-IoU 52.08 | raw 34.19 | t0.85 | RgL 77.83 | 307s
ep18 loss 0.061 | type 87.3 | ArgC-IoU 45.55 (P51.8/R40.6) | ArgI-IoU 52.31 | raw 37.55 | t0.9 | RgL 78.76 | 324s
ep19 loss 0.052 | type 89.2 | ArgC-IoU 45.34 (P54.9/R38.6) | ArgI-IoU 52.42 | raw 35.99 | t0.95 | RgL 78.33 | 341s
ep20 loss 0.043 | type 89.2 | ArgC-IoU 45.69 (P47.2/R44.3) | ArgI-IoU 53.79 | raw 37.00 | t0.85 | RgL 80.13 | 360s
ep21 loss 0.036 | type 88.6 | ArgC-IoU 44.85 (P51.3/R39.8) | ArgI-IoU 53.45 | raw 36.01 | t0.93 | RgL 79.88 | 377s
ep22 loss 0.032 | type 89.2 | ArgC-IoU 45.76 (P48.3/R43.5) | ArgI-IoU 53.39 | raw 36.51 | t0.9 | RgL 79.61 | 394s
ep23 loss 0.026 | type 89.2 | ArgC-IoU 44.59 (P47.7/R41.9) | ArgI-IoU 53.16 | raw 37.48 | t0.9 | RgL 79.79 | 411s
ep24 loss 0.023 | type 89.2 | ArgC-IoU 45.56 (P48.6/R42.9) | ArgI-IoU 52.62 | raw 35.86 | t0.9 | RgL 79.98 | 429s
ep25 loss 0.018 | type 89.2 | ArgC-IoU 43.62 (P46.3/R41.2) | ArgI-IoU 51.49 | raw 35.48 | t0.9 | RgL 79.18 | 446s
ep26 loss 0.016 | type 89.2 | ArgC-IoU 45.45 (P46.2/R44.7) | ArgI-IoU 53.84 | raw 36.58 | t0.85 | RgL 80.21 | 463s
ep27 loss 0.014 | type 89.2 | ArgC-IoU 45.71 (P49.0/R42.9) | ArgI-IoU 53.43 | raw 37.97 | t0.9 | RgL 79.71 | 480s
ep28 loss 0.012 | type 89.2 | ArgC-IoU 46.04 (P47.1/R45.1) | ArgI-IoU 54.47 | raw 38.45 | t0.85 | RgL 79.94 | 498s
ep29 loss 0.011 | type 89.2 | ArgC-IoU 44.90 (P52.1/R39.4) | ArgI-IoU 52.23 | raw 37.19 | t0.95 | RgL 79.66 | 517s
ep30 loss 0.010 | type 89.2 | ArgC-IoU 44.89 (P47.1/R42.9) | ArgI-IoU 53.32 | raw 36.92 | t0.9 | RgL 79.95 | 534s

BEST: {
  "epoch": 28,
  "loss": 0.012252746857848251,
  "type_acc": 89.24050632911393,
  "arg_c_iou_f1": 46.043165467625904,
  "argmax_arg_c_iou_f1": 38.449367088607595,
  "sel_tau": 0.85,
  "arg_i_iou_f1": 54.47070914696815,
  "arg_c_iou_p": 47.05882352941176,
  "arg_c_iou_r": 45.07042253521127,
  "arg_c_em_f1": 27.95477903391572,
  "arg_i_em_f1": 33.29907502569373,
  "trigger_rougeL_f1": 79.93836973564507,
  "secs": 498
}
