Loading weights:   0%|          | 0/390 [00:00<?, ?it/s]Loading weights: 100%|██████████| 390/390 [00:00<00:00, 4214.00it/s]
[1mDebertaV2Model LOAD REPORT[0m from: microsoft/deberta-v3-large
Key                                     | Status     |  | 
----------------------------------------+------------+--+-
mask_predictions.dense.weight           | UNEXPECTED |  | 
lm_predictions.lm_head.dense.bias       | UNEXPECTED |  | 
lm_predictions.lm_head.bias             | UNEXPECTED |  | 
mask_predictions.classifier.bias        | UNEXPECTED |  | 
lm_predictions.lm_head.LayerNorm.weight | UNEXPECTED |  | 
mask_predictions.LayerNorm.weight       | UNEXPECTED |  | 
lm_predictions.lm_head.LayerNorm.bias   | UNEXPECTED |  | 
mask_predictions.dense.bias             | UNEXPECTED |  | 
lm_predictions.lm_head.dense.weight     | UNEXPECTED |  | 
mask_predictions.LayerNorm.bias         | UNEXPECTED |  | 
mask_predictions.classifier.weight      | UNEXPECTED |  | 

Notes:
- UNEXPECTED:	can be ignored when loading from different task/architecture; not ok if you expect identical arch.
ep01 loss 3.541 | type 74.1 | ArgC-IoU 3.67 (P10.8/R2.2) | ArgI-IoU 4.67 | raw 2.94 | t0.3 | RgL 1.86 | 18s
ep02 loss 1.983 | type 82.9 | ArgC-IoU 19.70 (P39.9/R13.1) | ArgI-IoU 26.67 | raw 14.64 | t0.5 | RgL 34.09 | 36s
ep03 loss 1.545 | type 85.4 | ArgC-IoU 33.61 (P41.2/R28.4) | ArgI-IoU 41.48 | raw 25.78 | t0.5 | RgL 64.21 | 55s
ep04 loss 1.232 | type 91.1 | ArgC-IoU 42.14 (P51.6/R35.6) | ArgI-IoU 50.71 | raw 31.45 | t0.5 | RgL 72.19 | 73s
ep05 loss 0.973 | type 88.6 | ArgC-IoU 42.29 (P50.4/R36.4) | ArgI-IoU 50.93 | raw 31.98 | t0.6 | RgL 74.64 | 92s
ep06 loss 0.763 | type 88.6 | ArgC-IoU 43.03 (P47.3/R39.4) | ArgI-IoU 50.71 | raw 31.50 | t0.5 | RgL 74.70 | 110s
ep07 loss 0.592 | type 88.0 | ArgC-IoU 41.97 (P48.8/R36.8) | ArgI-IoU 50.46 | raw 33.39 | t0.6 | RgL 76.72 | 129s
ep08 loss 0.446 | type 88.6 | ArgC-IoU 44.21 (P54.4/R37.2) | ArgI-IoU 52.33 | raw 34.05 | t0.7 | RgL 76.89 | 146s
ep09 loss 0.345 | type 86.1 | ArgC-IoU 42.65 (P48.2/R38.2) | ArgI-IoU 49.16 | raw 32.73 | t0.7 | RgL 78.35 | 164s
ep10 loss 0.276 | type 88.6 | ArgC-IoU 43.92 (P53.1/R37.4) | ArgI-IoU 53.13 | raw 34.58 | t0.8 | RgL 77.70 | 181s
ep11 loss 0.217 | type 86.1 | ArgC-IoU 45.18 (P55.2/R38.2) | ArgI-IoU 51.84 | raw 33.33 | t0.85 | RgL 78.10 | 198s
ep12 loss 0.194 | type 86.1 | ArgC-IoU 44.95 (P48.8/R41.6) | ArgI-IoU 53.20 | raw 35.58 | t0.8 | RgL 77.01 | 217s
ep13 loss 0.151 | type 86.7 | ArgC-IoU 43.74 (P49.7/R39.0) | ArgI-IoU 51.41 | raw 34.15 | t0.85 | RgL 78.27 | 234s
ep14 loss 0.123 | type 86.7 | ArgC-IoU 45.68 (P47.9/R43.7) | ArgI-IoU 54.74 | raw 35.93 | t0.8 | RgL 79.12 | 252s
ep15 loss 0.107 | type 89.2 | ArgC-IoU 45.31 (P48.8/R42.3) | ArgI-IoU 55.66 | raw 36.11 | t0.8 | RgL 77.51 | 271s
ep16 loss 0.087 | type 87.3 | ArgC-IoU 45.28 (P52.1/R40.0) | ArgI-IoU 52.10 | raw 36.38 | t0.9 | RgL 78.82 | 287s
ep17 loss 0.070 | type 88.0 | ArgC-IoU 47.72 (P51.8/R44.3) | ArgI-IoU 57.05 | raw 38.55 | t0.9 | RgL 80.00 | 304s
ep18 loss 0.060 | type 85.4 | ArgC-IoU 44.18 (P48.7/R40.4) | ArgI-IoU 53.63 | raw 34.82 | t0.9 | RgL 79.16 | 323s
ep19 loss 0.048 | type 89.2 | ArgC-IoU 47.05 (P48.5/R45.7) | ArgI-IoU 56.79 | raw 37.14 | t0.85 | RgL 79.22 | 340s
ep20 loss 0.041 | type 88.0 | ArgC-IoU 47.59 (P52.3/R43.7) | ArgI-IoU 55.48 | raw 37.48 | t0.9 | RgL 78.86 | 357s
ep21 loss 0.035 | type 88.0 | ArgC-IoU 45.70 (P46.6/R44.9) | ArgI-IoU 55.12 | raw 35.93 | t0.85 | RgL 79.20 | 374s
ep22 loss 0.028 | type 87.3 | ArgC-IoU 46.52 (P50.6/R43.1) | ArgI-IoU 54.78 | raw 35.90 | t0.93 | RgL 79.44 | 391s
ep23 loss 0.024 | type 88.0 | ArgC-IoU 46.90 (P53.3/R41.9) | ArgI-IoU 55.02 | raw 36.34 | t0.93 | RgL 79.12 | 409s
ep24 loss 0.019 | type 88.6 | ArgC-IoU 46.71 (P51.3/R42.9) | ArgI-IoU 54.82 | raw 36.18 | t0.93 | RgL 79.08 | 426s
ep25 loss 0.017 | type 88.0 | ArgC-IoU 45.78 (P51.1/R41.4) | ArgI-IoU 54.44 | raw 35.36 | t0.93 | RgL 80.21 | 444s
ep26 loss 0.015 | type 87.3 | ArgC-IoU 45.93 (P48.4/R43.7) | ArgI-IoU 55.24 | raw 35.89 | t0.9 | RgL 79.47 | 460s
ep27 loss 0.013 | type 87.3 | ArgC-IoU 46.27 (P50.8/R42.5) | ArgI-IoU 55.26 | raw 35.91 | t0.93 | RgL 79.74 | 478s
ep28 loss 0.011 | type 87.3 | ArgC-IoU 45.62 (P49.3/R42.5) | ArgI-IoU 54.92 | raw 34.93 | t0.93 | RgL 80.15 | 495s
ep29 loss 0.010 | type 87.3 | ArgC-IoU 46.09 (P47.8/R44.5) | ArgI-IoU 55.47 | raw 35.47 | t0.9 | RgL 79.85 | 512s
ep30 loss 0.009 | type 87.3 | ArgC-IoU 45.09 (P48.6/R42.1) | ArgI-IoU 53.94 | raw 34.55 | t0.93 | RgL 80.08 | 530s

BEST: {
  "epoch": 17,
  "loss": 0.06973308282904327,
  "type_acc": 87.9746835443038,
  "arg_c_iou_f1": 47.722342733188725,
  "argmax_arg_c_iou_f1": 38.54660347551342,
  "sel_tau": 0.9,
  "arg_i_iou_f1": 57.04989154013015,
  "arg_c_iou_p": 51.76470588235295,
  "arg_c_iou_r": 44.26559356136821,
  "arg_c_em_f1": 29.71800433839479,
  "arg_i_em_f1": 34.70715835140998,
  "trigger_rougeL_f1": 80.00075770147093,
  "secs": 304
}
