Loading weights:   0%|          | 0/390 [00:00<?, ?it/s]Loading weights:  80%|████████  | 313/390 [00:00<00:00, 3122.63it/s]Loading weights: 100%|██████████| 390/390 [00:00<00:00, 3500.02it/s]
[1mDebertaV2Model LOAD REPORT[0m from: microsoft/deberta-v3-large
Key                                     | Status     |  | 
----------------------------------------+------------+--+-
mask_predictions.dense.bias             | UNEXPECTED |  | 
lm_predictions.lm_head.LayerNorm.bias   | UNEXPECTED |  | 
mask_predictions.dense.weight           | UNEXPECTED |  | 
lm_predictions.lm_head.dense.bias       | UNEXPECTED |  | 
lm_predictions.lm_head.bias             | UNEXPECTED |  | 
mask_predictions.classifier.weight      | UNEXPECTED |  | 
lm_predictions.lm_head.LayerNorm.weight | UNEXPECTED |  | 
mask_predictions.classifier.bias        | UNEXPECTED |  | 
mask_predictions.LayerNorm.bias         | UNEXPECTED |  | 
mask_predictions.LayerNorm.weight       | UNEXPECTED |  | 
lm_predictions.lm_head.dense.weight     | UNEXPECTED |  | 

Notes:
- UNEXPECTED:	can be ignored when loading from different task/architecture; not ok if you expect identical arch.
Loading weights:   0%|          | 0/390 [00:00<?, ?it/s]Loading weights:  87%|████████▋ | 341/390 [00:00<00:00, 3380.27it/s]Loading weights: 100%|██████████| 390/390 [00:00<00:00, 3654.56it/s]
[1mDebertaV2Model LOAD REPORT[0m from: microsoft/deberta-v3-large
Key                                     | Status     |  | 
----------------------------------------+------------+--+-
mask_predictions.dense.bias             | UNEXPECTED |  | 
lm_predictions.lm_head.LayerNorm.bias   | UNEXPECTED |  | 
mask_predictions.dense.weight           | UNEXPECTED |  | 
lm_predictions.lm_head.dense.bias       | UNEXPECTED |  | 
lm_predictions.lm_head.bias             | UNEXPECTED |  | 
mask_predictions.classifier.weight      | UNEXPECTED |  | 
lm_predictions.lm_head.LayerNorm.weight | UNEXPECTED |  | 
mask_predictions.classifier.bias        | UNEXPECTED |  | 
mask_predictions.LayerNorm.bias         | UNEXPECTED |  | 
mask_predictions.LayerNorm.weight       | UNEXPECTED |  | 
lm_predictions.lm_head.dense.weight     | UNEXPECTED |  | 

Notes:
- UNEXPECTED:	can be ignored when loading from different task/architecture; not ok if you expect identical arch.
Loading weights:   0%|          | 0/390 [00:00<?, ?it/s]Loading weights:  90%|█████████ | 351/390 [00:00<00:00, 3470.71it/s]Loading weights: 100%|██████████| 390/390 [00:00<00:00, 3717.62it/s]
[1mDebertaV2Model LOAD REPORT[0m from: microsoft/deberta-v3-large
Key                                     | Status     |  | 
----------------------------------------+------------+--+-
mask_predictions.dense.bias             | UNEXPECTED |  | 
lm_predictions.lm_head.LayerNorm.bias   | UNEXPECTED |  | 
mask_predictions.dense.weight           | UNEXPECTED |  | 
lm_predictions.lm_head.dense.bias       | UNEXPECTED |  | 
lm_predictions.lm_head.bias             | UNEXPECTED |  | 
mask_predictions.classifier.weight      | UNEXPECTED |  | 
lm_predictions.lm_head.LayerNorm.weight | UNEXPECTED |  | 
mask_predictions.classifier.bias        | UNEXPECTED |  | 
mask_predictions.LayerNorm.bias         | UNEXPECTED |  | 
mask_predictions.LayerNorm.weight       | UNEXPECTED |  | 
lm_predictions.lm_head.dense.weight     | UNEXPECTED |  | 

Notes:
- UNEXPECTED:	can be ignored when loading from different task/architecture; not ok if you expect identical arch.
  tau  ml | s42    s13    s101   |   mean     std
 0.50   2 |  42.86  42.91  42.86 |  42.87    0.03
 0.60   2 |  43.68  43.84  43.16 |  43.56    0.35
 0.65   2 |  44.44  44.30  43.19 |  43.98    0.69
 0.70   2 |  44.92  44.76  43.80 |  44.49    0.61
 0.75   2 |  45.27  45.58  44.07 |  44.97    0.80
 0.80   2 |  45.70  45.84  44.83 |  45.46    0.55
 0.85   2 |  46.76  46.59  45.49 |  46.28    0.69
 0.88   2 |  47.50  46.91  45.06 |  46.49    1.27
 0.90   2 |  47.51  47.06  45.28 |  46.62    1.18
 0.92   2 |  47.49  46.61  44.97 |  46.36    1.28
 0.95   2 |  47.21  43.31  44.22 |  44.91    2.04
 0.50   3 |  45.12  45.60  44.80 |  45.18    0.40
 0.60   3 |  45.43  45.99  44.89 |  45.44    0.55
 0.65   3 |  45.87  46.11  44.72 |  45.57    0.74
 0.70   3 |  46.03  46.35  44.87 |  45.75    0.78
 0.75   3 |  46.14  46.87  45.00 |  46.01    0.94
 0.80   3 |  46.53  47.18  45.70 |  46.47    0.74
 0.85   3 |  47.35  47.71  46.04 |  47.03    0.88
 0.88   3 |  48.03  47.81  45.52 |  47.12    1.39
 0.90   3 |  48.05  47.72  45.61 |  47.13    1.32
 0.92   3 |  47.95  46.93  45.10 |  46.66    1.44
 0.95   3 |  47.41  43.57  44.44 |  45.14    2.01
 0.50   4 |  45.55  44.93  45.32 |  45.27    0.31
 0.60   4 |  45.59  45.25  45.36 |  45.40    0.17
 0.65   4 |  45.82  45.28  45.25 |  45.45    0.32
 0.70   4 |  46.11  45.40  45.23 |  45.58    0.46
 0.75   4 |  46.07  45.79  45.24 |  45.70    0.42
 0.80   4 |  46.44  46.20  45.45 |  46.03    0.52
 0.85   4 |  47.36  46.64  45.44 |  46.48    0.97
 0.88   4 |  47.74  46.90  45.17 |  46.61    1.31
 0.90   4 |  47.77  46.86  45.37 |  46.67    1.21
 0.92   4 |  47.66  45.91  45.02 |  46.19    1.35
 0.95   4 |  47.36  42.86  44.39 |  44.87    2.29

FROZEN RULE: tau=0.9  min_len=3  merge_gap=0
  dev Arg-C IoU F1 across seeds: 47.13 +- 1.32  [48.05194805194806, 47.722342733188725, 45.610278372591004]
wrote /home/haipd/CLAVE/experiment/archive_carve_full/assets/rules_abl_no_type_cond.json
